.Xdefaults.ex
.config/i3/config
.config/i3/workspace-10.json
.config/i3/workspace-9.json
.local/bin/Xstart
.local/bin/_firejail_ff
.local/bin/_screensaver_mplayer_dir
.local/bin/_screensaver_mplayer_filelist
.local/bin/_ss
.local/bin/_tpl_pymod3
.local/bin/ds
.local/bin/helld_vnc
.local/bin/jeo
.local/bin/linkdump-1
.local/bin/mpla
.local/bin/mplc
.local/bin/mplplsterm
.local/bin/mplv
.local/bin/mplx
.local/bin/mrescreen
.local/bin/nixc
.local/bin/pbin1
.local/bin/pbin2
.local/bin/plgd
.local/bin/plgd2
.local/bin/pvolm
.local/bin/pylint1
.local/bin/pylint2
.local/bin/pylint3
.local/bin/redshift0.sh
.local/bin/redshift1.sh
.local/bin/s-
.local/bin/s-d
.local/bin/s-s
.local/bin/s-ss
.local/bin/s-su
.local/bin/s-sx
.local/bin/s0-
.local/bin/udpkg
.local/bin/webtap
.local/bin/webtap.bash_completion
.local/share/mc/skins/modarcon16-defbg.ini
.local/share/mc/skins/modarcon16.ini
.local/share/mc/skins/modarcon16root-defbg.ini
.local/share/mc/skins/modarcon16root.ini
.local/share/mc/skins/modarin256-defbg.ini
.local/share/mc/skins/modarin256.ini
.local/share/mc/skins/modarin256root-defbg.ini
.local/share/mc/skins/modarin256root.ini
.local/share/mc/skins/ovidiu-h1.ini
.local/share/mc/skins/ovidiu.ini
.mailcap
.screenrc.X1
.screenrc.mterm
.screenrc.mtermy
.screenrc.mtermy.0
.screenrc.nul
.xinitrc.ex
